amp:http://storage.exoplatform.org/public/wordpress/plugins/amp-0.4.2.zip
# Must be declared after amp
accelerated-mobile-pages:http://storage.exoplatform.org/public/wordpress/plugins/accelerated-mobile-pages-0.9.72.1.zip
crayon-syntax-highlighter:http://storage.exoplatform.org/public/wordpress/plugins/crayon-syntax-highlighter-2.8.4.zip
custom-category-template:http://storage.exoplatform.org/public/wordpress/plugins/custom-category-template-0.4.zip
custom-field-suite:http://storage.exoplatform.org/public/wordpress/plugins/custom-field-suite-2.5.12.zip
custom-post-type-page-template:http://storage.exoplatform.org/public/wordpress/plugins/custom-post-type-page-template-1.0.1.zip
custom-post-type-ui:http://storage.exoplatform.org/public/wordpress/plugins/custom-post-type-ui-1.5.5.zip
google-pagespeed-insights:http://storage.exoplatform.org/public/wordpress/plugins/google-pagespeed-insights-2.0.3.zip
intercom:http://storage.exoplatform.org/public/wordpress/plugins/intercom-2.6.0.zip
kiwi-logo-carousel:http://storage.exoplatform.org/public/wordpress/plugins/kiwi-logo-carousel-1.7.3.zip
mega_main_menu:http://storage.exoplatform.org/public/wordpress/plugins/mega_main_menu-20170823.zip
multiple-post-thumbnails:http://storage.exoplatform.org/public/wordpress/plugins/multiple-post-thumbnails-1.6.6.zip
polylang:http://storage.exoplatform.org/public/wordpress/plugins/polylang-2.1.6.zip
testimonial-rotator:http://storage.exoplatform.org/public/wordpress/plugins/testimonial-rotator-2.2.4.1.zip
w3-total-cache:http://storage.exoplatform.org/public/wordpress/plugins/w3-total-cache-0.9.5.4.zip
wonderplugin-lightbox:http://storage.exoplatform.org/public/wordpress/plugins/wonderplugin-lightbox-5.2.zip
wordpress-popular-posts:http://storage.exoplatform.org/public/wordpress/plugins/wordpress-popular-posts-3.3.4.zip
wordpress-seo:http://storage.exoplatform.org/public/wordpress/plugins/wordpress-seo-5.1.zip
wp-fastest-cache:http://storage.exoplatform.org/public/wordpress/plugins/wp-fastest-cache-0.8.7.2.zip
wp-file-manager:http://storage.exoplatform.org/public/wordpress/plugins/wp-file-manager-1.9.zip
wp-remove-category-base:http://storage.exoplatform.org/public/wordpress/plugins/wp-remove-category-base-1.0.zip
wp-sitemap-page:http://storage.exoplatform.org/public/wordpress/plugins/wp-sitemap-page-1.6.1.zip
wp-ultimate-search:http://storage.exoplatform.org/public/wordpress/plugins/wp-ultimate-search-2.0.3.zip
